Downloading https://services.gradle.org/distributions/gradle-9.5.1-bin.zip
.............10%.............20%..............30%.............40%.............50%..............60%.............70%..............80%.............90%.............100%

Welcome to Gradle 9.5.1!

Here are the highlights of this release:
 - Task provenance in reports and failure messages
 - Type-safe accessors for precompiled Kotlin Settings plugins

For more details see https://docs.gradle.org/9.5.1/release-notes.html

To honour the JVM settings for this build a single-use Daemon process will be forked. For more on this, please refer to https://docs.gradle.org/9.5.1/userguide/gradle_daemon.html#sec:disabling_the_daemon in the Gradle documentation.
Daemon will be stopped at the end of the build 

> Configure project :
Fabric Loom: 1.17.21

> Task :compileJava
Note: Some input files use or override a deprecated API.
Note: Recompile with -Xlint:deprecation for details.
Note: Some input files use unchecked or unsafe operations.
Note: Recompile with -Xlint:unchecked for details.

> Task :processResources
> Task :classes
> Task :processIncludeJars
> Task :jar

> Task :compileGametestJava
src/gametest/java/com/nukateam/ntgl/smoketest/NtglServerGameTest.java:32: warning: [removal] makeMockServerPlayerInLevel() in GameTestHelper has been deprecated and marked for removal
        var player = helper.makeMockServerPlayerInLevel();
                           ^
Note: src/gametest/java/com/nukateam/ntgl/smoketest/NtglSmokeTest.java uses unchecked or unsafe operations.
Note: Recompile with -Xlint:unchecked for details.
1 warning

> Task :assemble
> Task :acceptGameTestEula
> Task :generateLog4jConfig
> Task :generateDLIConfig
> Task :configureLaunch
> Task :processGametestResources
> Task :gametestClasses

> Task :runGameTest
[10:04:34] [main/INFO] (FabricLoader/GameProvider) Loading Minecraft 26.3 with Fabric Loader 0.19.5
[10:04:34] [main/INFO] (FabricLoader/Mappings) Mappings not present!
[10:04:34] [main/INFO] (FabricLoader) Loading 46 mods:
	- fabric-advancement-api-v1 1.0.0+38c7a2d55d
	- fabric-api 0.161.0+26.3
	- fabric-api-base 2.0.6+fcdff87f5d
	- fabric-api-lookup-api-v1 2.0.24+3434d6d95d
	- fabric-biome-api-v1 20.0.9+74ed1ea55d
	- fabric-block-api-v1 3.1.0+0ae6f9115d
	- fabric-block-getter-api-v2 2.0.9+3434d6d95d
	- fabric-command-api-v2 3.1.2+fcdff87f5d
	- fabric-content-registries-v0 15.0.4+74ed1ea55d
	- fabric-convention-tags-v2 4.10.3+6b5b47fd5d
	- fabric-crash-report-info-v1 1.0.7+fcdff87f5d
	- fabric-creative-tab-api-v1 5.0.21+fcdff87f5d
	- fabric-data-attachment-api-v1 2.2.30+3434d6d95d
	- fabric-data-generation-api-v1 27.2.4+427eab975d
	- fabric-debug-api-v1 1.0.4+3434d6d95d
	- fabric-dimensions-v1 5.1.19+47f74c985d
	- fabric-entity-events-v1 6.0.4+3434d6d95d
	- fabric-events-interaction-v0 5.3.6+3434d6d95d
	- fabric-game-rule-api-v1 4.0.10+3434d6d95d
	- fabric-gametest-api-v1 4.0.32+3434d6d95d
	- fabric-item-api-v1 14.7.0+cf6bc2db5d
	- fabric-lifecycle-events-v1 4.1.9+ffef5f675d
	- fabric-loot-api-v3 4.0.8+4068fd645d
	- fabric-menu-api-v1 2.0.27+ed66f0a35d
	- fabric-message-api-v1 7.0.10+3434d6d95d
	- fabric-networking-api-v1 6.3.8+fcdff87f5d
	- fabric-object-builder-api-v1 24.1.9+3434d6d95d
	- fabric-particles-v1 5.0.24+3434d6d95d
	- fabric-permission-api-v1 1.0.8+fcdff87f5d
	- fabric-recipe-api-v1 10.0.8+fcdff87f5d
	- fabric-registry-sync-v0 8.0.1+fcdff87f5d
	- fabric-rendering-fluids-v1 6.0.6+3434d6d95d
	- fabric-resource-conditions-api-v1 6.1.5+3434d6d95d
	- fabric-resource-loader-v0 3.3.26+4fc5413f5d
	- fabric-resource-loader-v1 3.0.4+fcdff87f5d
	- fabric-serialization-api-v1 2.0.7+74ed1ea55d
	- fabric-tag-api-v1 2.1.10+fcdff87f5d
	- fabric-transfer-api-v1 8.0.25+fcdff87f5d
	- fabric-transitive-access-wideners-v1 8.1.16+52268a0e5d
	- fabricloader 0.19.5
	- geckolib 5.5.7
	- java 25
	- minecraft 26.3
	- mixinextras 0.5.5
	- ntgl 3.1.8+26.3
	- ntgl_smoketest 1.0.0
[10:04:35] [main/INFO] (FabricLoader/Mixin) SpongePowered MIXIN Subsystem Version=0.8.7 Source=file:/home/runner/.gradle/caches/modules-2/files-2.1/net.fabricmc/sponge-mixin/0.17.4+mixin.0.8.7/5f66cc9f59b8efaa942155a3d5a30599bf6640dd/sponge-mixin-0.17.4+mixin.0.8.7.jar Service=Knot/Fabric Env=SERVER
[10:04:35] [main/INFO] (FabricLoader/MixinExtras|Service) Initializing MixinExtras via com.llamalad7.mixinextras.service.MixinExtrasServiceImpl(version=0.5.5).
[10:04:43] [main/ERROR] (Minecraft) Failed to load properties from file: server.properties

java.nio.file.NoSuchFileException: server.properties
	at java.base/sun.nio.fs.UnixException.translateToIOException(UnixException.java:92)
	at java.base/sun.nio.fs.UnixException.rethrowAsIOException(UnixException.java:106)
	at java.base/sun.nio.fs.UnixException.rethrowAsIOException(UnixException.java:111)
	at java.base/sun.nio.fs.UnixFileSystemProvider.newFileChannel(UnixFileSystemProvider.java:213)
	at java.base/sun.nio.fs.UnixFileSystemProvider.newByteChannel(UnixFileSystemProvider.java:244)
	at java.base/java.nio.file.Files.newByteChannel(Files.java:357)
	at java.base/java.nio.file.Files.newByteChannel(Files.java:399)
	at java.base/java.nio.file.spi.FileSystemProvider.newInputStream(FileSystemProvider.java:371)
	at java.base/java.nio.file.Files.newInputStream(Files.java:154)
	at knot//net.minecraft.server.dedicated.Settings.loadFromFile(Settings.java:62)
	at knot//net.minecraft.server.dedicated.DedicatedServerProperties.fromFile(DedicatedServerProperties.java:156)
	at knot//net.minecraft.server.dedicated.DedicatedServerSettings.<init>(DedicatedServerSettings.java:12)
	at knot//net.minecraft.server.Main.main(Main.java:117)
	at net.fabricmc.loader.impl.game.minecraft.MinecraftGameProvider.launch(MinecraftGameProvider.java:517)
	at net.fabricmc.loader.impl.launch.knot.Knot.launch(Knot.java:72)
	at net.fabricmc.loader.impl.launch.knot.KnotServer.main(KnotServer.java:23)
	at net.fabricmc.devlaunchinjector.Main.main(Main.java:86)
[10:04:43] [main/WARN] (Minecraft) Failed to load eula.txt
[10:04:43] [main/INFO] (Minecraft) Environment: Environment[discoveryUrl=https://discovery.minecraftservices.com/minecraft/client, name=PROD]
[10:04:43] [main/INFO] (FabricGameTestRunner) Starting test server
[10:04:45] [Worker-Main-2/INFO] (Minecraft) Loaded 1866 advancements
[10:04:45] [main/INFO] (BiomeModificationImpl) Applied 0 biome modifications to 0 of 67 new biomes in 1.460 ms
[10:04:46] [Server thread/INFO] (Minecraft) Selecting global world spawn...
[10:04:46] [Server thread/INFO] (Minecraft) Loading 0 persistent chunks...
[10:04:46] [Server thread/INFO] (Minecraft) Preparing spawn area: 100%
[10:04:46] [Server thread/INFO] (Minecraft) Time elapsed: 657 ms
[10:04:46] [Server thread/INFO] (Minecraft) Started game test server
[10:04:46] [Server thread/INFO] (Minecraft) 2 tests are now running at position -6167116, 4, 1942920!
[10:04:48] [Server thread/INFO] (Minecraft) Running test environment 'minecraft:default' batch 0 (2 tests)...
[10:04:48] [Server thread/INFO] (Minecraft) [  ]
[10:04:48] [Server thread/INFO] (Minecraft) [  ]
[10:04:48] [Server thread/INFO] (Minecraft) [  ]
[10:04:48] [Server thread/INFO] (Minecraft) [  ]
[10:04:48] [Server thread/INFO] (Minecraft) [  ]
[10:04:48] [Server thread/INFO] (Minecraft) [  ]
[10:04:48] [Server thread/INFO] (Minecraft) [  ]
[10:04:48] [Server thread/INFO] (Minecraft) [  ]
[10:04:48] [Server thread/INFO] (Minecraft) [  ]
[10:04:48] [Server thread/INFO] (Minecraft) [  ]
[10:04:48] [Server thread/INFO] (Minecraft) [  ]
[10:04:48] [Server thread/INFO] (Minecraft) [  ]
[10:04:48] [Server thread/INFO] (Minecraft) [  ]
[10:04:48] [Server thread/INFO] (Minecraft) [  ]
[10:04:48] [Server thread/INFO] (Minecraft) [  ]
[10:04:48] [Server thread/INFO] (Minecraft) [  ]
[10:04:48] [Server thread/INFO] (Minecraft) [  ]
[10:04:48] [Server thread/INFO] (Minecraft) [  ]
[10:04:48] [Server thread/INFO] (Minecraft) [  ]
[10:04:48] [Server thread/INFO] (Minecraft) [  ]
[10:04:48] [Server thread/INFO] (Minecraft) [  ]
[10:04:48] [Server thread/INFO] (Minecraft) [  ]
[10:04:49] [Server thread/INFO] (Minecraft) [  ]
[10:04:49] [Server thread/INFO] (Minecraft) [  ]
[10:04:49] [Server thread/INFO] (Minecraft) [  ]
[10:04:49] [Server thread/INFO] (Minecraft) [  ]
[10:04:49] [Server thread/INFO] (Minecraft) [  ]
[10:04:49] [Server thread/INFO] (Minecraft) [  ]
[10:04:49] [Server thread/INFO] (Minecraft) [  ]
[10:04:49] [Server thread/INFO] (Minecraft) [  ]
[10:04:49] [Server thread/INFO] (Minecraft) [  ]
[10:04:49] [Server thread/INFO] (Minecraft) [  ]
[10:04:49] [Server thread/INFO] (Minecraft) [  ]
[10:04:49] [Server thread/INFO] (Minecraft) [  ]
[10:04:49] [Server thread/INFO] (Minecraft) [  ]
[10:04:49] [Server thread/INFO] (Minecraft) [  ]
[10:04:49] [Server thread/INFO] (Minecraft) [  ]
[10:04:49] [Server thread/INFO] (Minecraft) [  ]
[10:04:49] [Server thread/INFO] (Minecraft) [  ]
[10:04:49] [Server thread/INFO] (Minecraft) [  ]
[10:04:49] [Server thread/INFO] (Minecraft) [  ]
[10:04:49] [Server thread/INFO] (Minecraft) [  ]
[10:04:49] [Server thread/INFO] (Minecraft) [  ]
[10:04:49] [Server thread/INFO] (Minecraft) [  ]
[10:04:49] [Server thread/INFO] (Minecraft) [  ]
[10:04:49] [Server thread/INFO] (Minecraft) [  ]
[10:04:49] [Server thread/INFO] (Minecraft) [  ]
[10:04:49] [Server thread/INFO] (Minecraft) [  ]
[10:04:49] [Server thread/INFO] (Minecraft) [  ]
[10:04:49] [Server thread/INFO] (Minecraft) [  ]
[10:04:49] [Server thread/INFO] (Minecraft) [  ]
[10:04:49] [Server thread/INFO] (Minecraft) [  ]
[10:04:49] [Server thread/INFO] (Minecraft) [  ]
[10:04:49] [Server thread/INFO] (Minecraft) [  ]
[10:04:49] [Server thread/INFO] (Minecraft) [  ]
[10:04:49] [Server thread/INFO] (Minecraft) test-mock-player[embedded] logged in with entity id 1 at (0.0, 0.0, 0.0)
[10:04:49] [Server thread/INFO] (Minecraft) System chat: test-mock-player joined the game
[10:04:49] [Server thread/INFO] (Ntgl) [server-smoke] start: creative true player (-6167107.5, 8.0, 1942923.5) zombie (-6167107.5, 8.0, 1942927.5) ammo 20
[10:04:50] [Server thread/INFO] (Minecraft) [+_]
[10:04:50] [Server thread/INFO] (Minecraft) [+_]
[10:04:50] [Server thread/INFO] (Ntgl) [server-smoke] after shooting: zombie health 16.81875 (was 20.0) ammo 20 entities seen [player, zombie]
[10:04:50] [Server thread/INFO] (Minecraft) [+_]
[10:04:50] [Server thread/INFO] (Minecraft) [+_]
[10:04:50] [Server thread/INFO] (Minecraft) [+_]
[10:04:50] [Server thread/INFO] (Minecraft) [+_]
[10:04:50] [Server thread/INFO] (Minecraft) [+_]
[10:04:50] [Server thread/INFO] (Ntgl) [server-smoke] after reloading: ammo 20 inventory 5
[10:04:50] [Server thread/INFO] (Minecraft) [+_]
[10:04:50] [Server thread/INFO] (Minecraft) [+_]
[10:04:50] [Server thread/INFO] (Minecraft) System chat: test-mock-player has made the advancement [Monster Hunter]
[10:04:50] [Server thread/INFO] (Minecraft) [+_]
[10:04:50] [Server thread/INFO] (Minecraft) [+_]
[10:04:50] [Server thread/INFO] (Minecraft) [+_]
[10:04:50] [Server thread/INFO] (Minecraft) [+_]
[10:04:50] [Server thread/INFO] (Minecraft) [+_]
[10:04:50] [Server thread/INFO] (Minecraft) [+_]
[10:04:50] [Server thread/INFO] (Minecraft) [+_]
[10:04:50] [Server thread/INFO] (Minecraft) [+_]
[10:04:50] [Server thread/INFO] (Ntgl) [server-smoke] after the grenade: held 1 ntgl:grenade entities seen [experience_orb, player, throwable_grenade, zombie] zombie alive false
[10:04:50] [Server thread/INFO] (Minecraft) [++]
[10:04:50] [Server thread/INFO] (Minecraft) ========= 2 GAME TESTS COMPLETE IN 3.751 s ======================
[10:04:50] [Server thread/INFO] (Minecraft) All 2 required tests passed :)
[10:04:50] [Server thread/INFO] (Minecraft) ====================================================
[10:04:50] [Server thread/INFO] (Minecraft) Stopping server
[10:04:50] [Server thread/INFO] (Minecraft) Saving players
[10:04:50] [Server thread/INFO] (Minecraft) test-mock-player lost connection: Server closed
[10:04:50] [Server thread/INFO] (Minecraft) System chat: test-mock-player left the game
[10:04:50] [Server thread/INFO] (Minecraft) Saving worlds
[10:04:51] [Server thread/INFO] (Minecraft) Saving chunks for level 'ServerLevel[Test Level]'/minecraft:overworld
[10:04:52] [Server thread/INFO] (Minecraft) Saving chunks for level 'ServerLevel[Test Level]'/minecraft:the_nether
[10:04:52] [Server thread/INFO] (Minecraft) Saving chunks for level 'ServerLevel[Test Level]'/minecraft:the_end
[10:04:52] [Server thread/INFO] (Minecraft) Game test server shutting down

> Task :compileTestJava NO-SOURCE
> Task :processTestResources NO-SOURCE
> Task :testClasses UP-TO-DATE
> Task :test NO-SOURCE
> Task :validateAccessWidener
> Task :check
> Task :build
gradle/actions: Writing build results to /home/runner/work/_temp/.gradle-actions/build-results/__run_2-1791108236916.json

[Incubating] Problems report is available at: file://build/reports/problems/problems-report.html

BUILD SUCCESSFUL in 1m 7s
11 actionable tasks: 11 executed
